// Jest Snapshot v1, https://goo.gl/fbAQLP

exports[`RPS component has the expected html structure 1`] = `
<h1>
  RPS King
</h1>
`;
